This is pdfTeX, Version 3.14159265-2.6-1.40.17 (TeX Live 2016/Debian) (preloaded format=pdflatex 2017.3.26)  28 MAR 2017 23:54
entering extended mode
 restricted \write18 enabled.
 %&-line parsing enabled.
**/dev/null -output-directory spanish -jobname=CV_vonbergen_f_wp_spanish \def\i
sspanish{1} \input{CV_vonbergen_f_wp_generic.tex}
(/dev/null
LaTeX2e <2017/01/01> patch level 3
Babel <3.9r> and hyphenation patterns for 13 language(s) loaded.
)

! LaTeX Error: Missing \begin{document}.

See the LaTeX manual or LaTeX Companion for explanation.
Type  H <return>  for immediate help.
 ...                                              
                                                  
<*> /dev/null -
               output-directory spanish -jobname=CV_vonbergen_f_wp_spanish \...

? 
! Emergency stop.
 ...                                              
                                                  
<*> /dev/null -
               output-directory spanish -jobname=CV_vonbergen_f_wp_spanish \...

You're in trouble here.  Try typing  <return>  to proceed.
If that doesn't work, type  X <return>  to quit.

 
Here is how much of TeX's memory you used:
 6 strings out of 494796
 256 string characters out of 6175940
 46363 words of memory out of 5000000
 3429 multiletter control sequences out of 15000+600000
 3640 words of font info for 14 fonts, out of 8000000 for 9000
 62 hyphenation exceptions out of 8191
 5i,0n,4p,1b,14s stack positions out of 5000i,500n,10000p,200000b,80000s
!  ==> Fatal error occurred, no output PDF file produced!
